rawwrite dd for windows version 1.0beta1 WIN64.
Written by John Newbigin <jnewbigin@chrysocome.net>
This program is covered by terms of the GPL Version 2.
0M 
8M 
16M 
24M 
32M 
40M 
48M 
56M 
64M 
72M 
80M 
88M 
96M 
104M 
112M 
120M 
128M 
136M 
144M 
152M 
160M 
168M 
176M 
184M 
192M 
200M 
208M 
216M 
224M 
232M 
240M 
248M 
256M 
264M 
272M 
280M 
288M 
296M 
304M 
312M 
320M 
328M 
336M 
344M 
352M 
360M 
368M 
376M 
384M 
392M 
400M 
408M 
416M 
424M 
432M 
440M 
448M 
456M 
464M 
472M 
480M 
488M 
496M 
504M 
512M 
520M 
528M 
536M 
544M 
552M 
560M 
568M 
576M 
584M 
592M 
600M 
608M 
616M 
624M 
632M 
640M 
648M 
656M 
664M 
672M 
680M 
688M 
696M 
704M 
712M 
720M 
728M 
736M 
744M 
752M 
760M 
768M 
776M 
784M 
792M 
800M 
808M 
816M 
824M 
832M 
840M 
848M 
856M 
864M 
872M 
880M 
888M 
896M 
904M 
912M 
920M 
928M 
936M 
944M 
952M 
960M 
968M 
976M 
984M 
992M 
1,000M 
1,008M 
1,016M 
1,024M 
1,032M 
1,040M 
1,048M 
1,056M 
1,064M 
1,072M 
1,080M 
1,088M 
1,096M 
1,104M 
1,112M 
1,120M 
1,128M 
1,136M 
1,144M 
1,152M 
1,160M 
1,168M 
1,176M 
1,184M 
1,192M 
1,200M 
1,208M 
1,216M 
1,224M 
1,232M 
1,240M 
1,248M 
1,256M 
1,264M 
1,272M 
1,280M 
1,288M 
1,296M 
1,304M 
1,312M 
1,320M 
1,328M 
1,336M 
1,344M 
1,352M 
1,360M 
1,368M 
1,376M 
1,384M 
1,392M 
1,400M 
1,408M 
1,416M 
1,424M 
1,432M 
1,440M 
1,448M 
1,456M 
1,464M 
1,472M 
1,480M 
1,488M 
1,496M 
1,504M 
1,512M 
1,520M 
1,528M 
1,536M 
1,544M 
1,552M 
1,560M 
1,568M 
1,576M 
1,584M 
1,592M 
1,600M 
1,608M 
1,616M 
1,624M 
1,632M 
1,640M 
1,648M 
1,656M 
1,664M 
1,672M 
1,680M 
1,688M 
1,696M 
1,704M 
1,712M 
1,720M 
1,728M 
1,736M 
1,744M 
1,752M 
1,760M 
1,768M 
1,776M 
1,784M 
1,792M 
1,800M 
1,808M 
1,816M 
1,824M 
1,832M 
1,840M 
1,848M 
1,856M 
1,864M 
1,872M 
1,880M 
1,888M 
1,896M 
1,904M 
1,908M 
238+1 records in
238+1 records out
